// Jest Snapshot v1, https://goo.gl/fbAQLP

exports[`Should render expense list item 1`] = `
<div>
  <Link
    to="/edit/1"
  >
    <h2>
      Gum
    </h2>
  </Link>
  <p>
    195
     - 
    0
  </p>
</div>
`;
