// Jest Snapshot v1, https://goo.gl/fbAQLP

exports[`Should render Login page correctly 1`] = `
<div
  className="box-layout"
>
  <div
    className="box-layout__box"
  >
    <h1
      className="box-layout__title"
    >
      Expense Tracker
    </h1>
    <p>
      It's time to figure out how much you spent.
    </p>
    <button
      className="button"
    >
      Login with Google
    </button>
  </div>
</div>
`;
